// Jest Snapshot v1, https://goo.gl/fbAQLP

exports[`renders correctly 1`] = `
<View
  style={
    Object {
      "backgroundColor": "#fff",
      "height": 710,
      "paddingTop": "0%",
    }
  }
>
  <View
    style={
      Object {
        "flexDirection": "row",
      }
    }
  >
    <Text
      style={
        Object {
          "color": "#696969",
          "display": "flex",
          "fontSize": 30,
          "fontWeight": "bold",
          "marginLeft": 20,
          "paddingBottom": 15,
        }
      }
    >
      TODOList
    </Text>
    <View
      style={
        Object {
          "marginLeft": 150,
          "paddingLeft": 15,
          "width": 50,
        }
      }
    >
      <Text
        onPress={[Function]}
        style={
          Object {
            "color": "#696969",
            "fontSize": 30,
          }
        }
      >
        +
      </Text>
    </View>
  </View>
  <View
    style={
      Object {
        "borderTopColor": "#e8eaed",
        "borderTopWidth": 1,
        "marginLeft": 15,
        "marginRight": 15,
        "paddingBottom": 20,
      }
    }
  />
  <RCTScrollView
    data={Array []}
    disableVirtualization={false}
    getItem={[Function]}
    getItemCount={[Function]}
    horizontal={false}
    initialNumToRender={10}
    keyExtractor={[Function]}
    maxToRenderPerBatch={10}
    onContentSizeChange={[Function]}
    onEndReachedThreshold={2}
    onLayout={[Function]}
    onMomentumScrollEnd={[Function]}
    onScroll={[Function]}
    onScrollBeginDrag={[Function]}
    onScrollEndDrag={[Function]}
    removeClippedSubviews={false}
    renderItem={[Function]}
    scrollEventThrottle={50}
    stickyHeaderIndices={Array []}
    updateCellsBatchingPeriod={50}
    viewabilityConfigCallbackPairs={Array []}
    windowSize={21}
  >
    <View />
  </RCTScrollView>
</View>
`;
